<?xml version="1.0" encoding="utf-8"?><testsuites name="pytest tests"><testsuite name="pytest" errors="0" failures="0" skipped="0" tests="173" time="1.355" timestamp="2026-03-18T13:30:34.031796-07:00" hostname="thinkpad"><testcase classname="tests.test_compression" name="test_spectrum_compression_roundtrip" time="0.004" /><testcase classname="tests.test_compression" name="test_spectrum_compression_no_charge_im" time="0.000" /><testcase classname="tests.test_compression" name="test_spectrum_compression_charge_only" time="0.000" /><testcase classname="tests.test_decon_integration" name="test_deconvolution_identifies_charge_2_cluster" time="0.138" /><testcase classname="tests.test_decon_integration" name="test_deconvolution_then_decharge" time="0.000" /><testcase classname="tests.test_denoise" name="test_denoise_mad" time="0.000" /><testcase classname="tests.test_denoise" name="test_denoise_fixed_value" time="0.000" /><testcase classname="tests.test_dreader" name="test_dreader_detects_dda" time="0.012" /><testcase classname="tests.test_dreader" name="test_ms1_is_msn_spectrum" time="0.255" /><testcase classname="tests.test_dreader" name="test_ms1_level" time="0.000" /><testcase classname="tests.test_dreader" name="test_ms1_spectrum_type_is_centroid" time="0.000" /><testcase classname="tests.test_dreader" name="test_ms1_arrays_nonempty" time="0.000" /><testcase classname="tests.test_dreader" name="test_ms1_mz_intensity_same_length" time="0.000" /><testcase classname="tests.test_dreader" name="test_ms1_intensity_positive" time="0.000" /><testcase classname="tests.test_dreader" name="test_ms1_has_ion_mobility" time="0.000" /><testcase classname="tests.test_dreader" name="test_ms1_im_values_positive" time="0.000" /><testcase classname="tests.test_dreader" name="test_ms1_rt_is_float" time="0.000" /><testcase classname="tests.test_dreader" name="test_ms1_analyzer_is_tof" time="0.000" /><testcase classname="tests.test_dreader" name="test_ms1_polarity_is_positive" time="0.000" /><testcase classname="tests.test_dreader" name="test_ms1_scan_number_set" time="0.000" /><testcase classname="tests.test_dreader" name="test_ms1_no_precursors" time="0.000" /><testcase classname="tests.test_dreader" name="test_ms1_no_charge_array" time="0.000" /><testcase classname="tests.test_dreader" name="test_ms2_is_msn_spectrum" time="0.172" /><testcase classname="tests.test_dreader" name="test_ms2_level" time="0.000" /><testcase classname="tests.test_dreader" name="test_ms2_spectrum_type_is_centroid" time="0.000" /><testcase classname="tests.test_dreader" name="test_ms2_arrays_nonempty" time="0.000" /><testcase classname="tests.test_dreader" name="test_ms2_mz_intensity_same_length" time="0.000" /><testcase classname="tests.test_dreader" name="test_ms2_analyzer_is_tof" time="0.000" /><testcase classname="tests.test_dreader" name="test_ms2_has_precursor" time="0.000" /><testcase classname="tests.test_dreader" name="test_ms2_precursor_mz_positive" time="0.000" /><testcase classname="tests.test_dreader" name="test_ms2_precursor_charge_set" time="0.000" /><testcase classname="tests.test_dreader" name="test_ms2_precursor_has_ion_mobility" time="0.000" /><testcase classname="tests.test_dreader" name="test_ms2_collision_energy_set" time="0.000" /><testcase classname="tests.test_dreader" name="test_ms2_activation_type_set" time="0.000" /><testcase classname="tests.test_matching" name="test_closest_match_da_within_tolerance" time="0.000" /><testcase classname="tests.test_matching" name="test_no_match_outside_tolerance_da" time="0.000" /><testcase classname="tests.test_matching" name="test_exact_mz_match_da" time="0.000" /><testcase classname="tests.test_matching" name="test_ppm_tolerance_match" time="0.000" /><testcase classname="tests.test_matching" name="test_ppm_no_match_when_error_exceeds_tolerance" time="0.000" /><testcase classname="tests.test_matching" name="test_closest_picks_nearest_peak" time="0.000" /><testcase classname="tests.test_matching" name="test_largest_picks_highest_intensity_peak" time="0.000" /><testcase classname="tests.test_matching" name="test_all_returns_both_peaks_in_tolerance" time="0.000" /><testcase classname="tests.test_matching" name="test_no_fragments_returns_empty" time="0.000" /><testcase classname="tests.test_matching" name="test_results_sorted_by_peak_index_ascending" time="0.000" /><testcase classname="tests.test_matching" name="test_multiple_fragments_match_same_peak_all_appear" time="0.000" /><testcase classname="tests.test_matching" name="test_fragment_fragment_tuple_structure" time="0.000" /><testcase classname="tests.test_matching" name="test_charge_match_passes_when_charge_matches" time="0.000" /><testcase classname="tests.test_matching" name="test_charge_mismatch_excluded" time="0.000" /><testcase classname="tests.test_matching" name="test_charge_filter_all_mode" time="0.000" /><testcase classname="tests.test_matching" name="test_singleton_peaks_not_matched" time="0.000" /><testcase classname="tests.test_matching" name="test_no_charge_filter_when_spectrum_has_no_charge_array" time="0.000" /><testcase classname="tests.test_merge" name="test_merge_peaks_basic" time="0.000" /><testcase classname="tests.test_merge" name="test_merge_peaks_ppm" time="0.000" /><testcase classname="tests.test_merge" name="test_merge_peaks_ion_mobility" time="0.000" /><testcase classname="tests.test_merge" name="test_merge_peaks_inplace" time="0.000" /><testcase classname="tests.test_merge" name="test_merge_peaks_charge_separation" time="0.000" /><testcase classname="tests.test_merge" name="test_merge_peaks_charge_merge" time="0.000" /><testcase classname="tests.test_merge" name="test_merge_im_tolerance_relative" time="0.000" /><testcase classname="tests.test_merge" name="test_merge_im_tolerance_absolute" time="0.000" /><testcase classname="tests.test_merge" name="test_merge_zero_intensity" time="0.000" /><testcase classname="tests.test_mzml_reader" name="test_ms1_is_msn_spectrum" time="0.003" /><testcase classname="tests.test_mzml_reader" name="test_ms1_level" time="0.000" /><testcase classname="tests.test_mzml_reader" name="test_ms1_spectrum_type_is_centroid" time="0.000" /><testcase classname="tests.test_mzml_reader" name="test_ms1_arrays_nonempty" time="0.000" /><testcase classname="tests.test_mzml_reader" name="test_ms1_mz_intensity_same_length" time="0.000" /><testcase classname="tests.test_mzml_reader" name="test_ms1_mz_sorted" time="0.000" /><testcase classname="tests.test_mzml_reader" name="test_ms1_intensity_positive" time="0.000" /><testcase classname="tests.test_mzml_reader" name="test_ms1_rt_is_float" time="0.000" /><testcase classname="tests.test_mzml_reader" name="test_ms1_mz_range_set" time="0.000" /><testcase classname="tests.test_mzml_reader" name="test_ms1_native_id_set" time="0.000" /><testcase classname="tests.test_mzml_reader" name="test_ms1_no_precursors" time="0.000" /><testcase classname="tests.test_mzml_reader" name="test_ms1_no_charge_array" time="0.000" /><testcase classname="tests.test_mzml_reader" name="test_ms1_no_ion_mobility" time="0.000" /><testcase classname="tests.test_mzml_reader" name="test_ms2_is_msn_spectrum" time="0.002" /><testcase classname="tests.test_mzml_reader" name="test_ms2_level" time="0.000" /><testcase classname="tests.test_mzml_reader" name="test_ms2_spectrum_type_is_centroid" time="0.000" /><testcase classname="tests.test_mzml_reader" name="test_ms2_arrays_nonempty" time="0.000" /><testcase classname="tests.test_mzml_reader" name="test_ms2_mz_intensity_same_length" time="0.000" /><testcase classname="tests.test_mzml_reader" name="test_ms2_rt_is_float" time="0.000" /><testcase classname="tests.test_mzml_reader" name="test_ms2_has_precursor" time="0.000" /><testcase classname="tests.test_mzml_reader" name="test_ms2_precursor_mz_positive" time="0.000" /><testcase classname="tests.test_mzml_reader" name="test_ms2_precursor_charge_set" time="0.000" /><testcase classname="tests.test_mzml_reader" name="test_ms2_collision_energy_set" time="0.000" /><testcase classname="tests.test_mzml_reader" name="test_ms2_activation_type_set" time="0.000" /><testcase classname="tests.test_numba_fallback" name="test_deconvolve_works_without_numba" time="0.048" /><testcase classname="tests.test_numba_fallback" name="test_empty_spectrum_returns_four_empty_arrays" time="0.000" /><testcase classname="tests.test_numba_fallback" name="test_result_is_4_tuple" time="0.000" /><testcase classname="tests.test_numba_fallback" name="test_result_arrays_have_same_length" time="0.000" /><testcase classname="tests.test_numba_fallback" name="test_result_mz_sorted_ascending" time="0.000" /><testcase classname="tests.test_numba_fallback" name="test_scores_in_zero_to_one_range" time="0.000" /><testcase classname="tests.test_numba_fallback" name="test_singletons_have_charge_minus_one" time="0.000" /><testcase classname="tests.test_numba_fallback" name="test_da_tolerance_mode" time="0.000" /><testcase classname="tests.test_plot_table" name="test_build_plot_table_columns" time="0.001" /><testcase classname="tests.test_plot_table" name="test_build_plot_table_row_count" time="0.001" /><testcase classname="tests.test_plot_table" name="test_build_plot_table_data_values" time="0.001" /><testcase classname="tests.test_plot_table" name="test_build_plot_table_defaults" time="0.001" /><testcase classname="tests.test_plot_table" name="test_build_plot_table_no_charge_color" time="0.001" /><testcase classname="tests.test_plot_table" name="test_build_plot_table_no_charge_no_na" time="0.001" /><testcase classname="tests.test_plot_table" name="test_build_plot_table_no_score_label_empty" time="0.001" /><testcase classname="tests.test_plot_table" name="test_build_plot_table_charge_series" time="0.001" /><testcase classname="tests.test_plot_table" name="test_build_plot_table_charge_colors_differ" time="0.001" /><testcase classname="tests.test_plot_table" name="test_build_plot_table_singleton_color" time="0.001" /><testcase classname="tests.test_plot_table" name="test_build_plot_table_score_label" time="0.001" /><testcase classname="tests.test_plot_table" name="test_build_plot_table_zero_score_label_empty" time="0.001" /><testcase classname="tests.test_plot_table" name="test_build_plot_table_show_scores_false" time="0.001" /><testcase classname="tests.test_plot_table" name="test_build_plot_table_show_charges_false" time="0.001" /><testcase classname="tests.test_plot_table" name="test_spectrum_plot_table_method" time="0.002" /><testcase classname="tests.test_plot_table" name="test_annot_plot_table_columns" time="0.001" /><testcase classname="tests.test_plot_table" name="test_annot_plot_table_unmatched_color" time="0.001" /><testcase classname="tests.test_plot_table" name="test_annot_plot_table_unmatched_label_empty" time="0.001" /><testcase classname="tests.test_plot_table" name="test_annot_plot_table_matched_color" time="0.011" /><testcase classname="tests.test_plot_table" name="test_annot_plot_table_matched_label_nonempty" time="0.001" /><testcase classname="tests.test_plot_table" name="test_annot_plot_table_y_ion_color" time="0.001" /><testcase classname="tests.test_plot_table" name="test_plot_from_table_returns_figure" time="0.066" /><testcase classname="tests.test_plot_table" name="test_plot_from_table_title" time="0.004" /><testcase classname="tests.test_plot_table" name="test_plot_from_table_single_series_no_legend" time="0.003" /><testcase classname="tests.test_plot_table" name="test_plot_from_table_multi_series_legend" time="0.005" /><testcase classname="tests.test_plot_table" name="test_plot_from_table_label_creates_annotation" time="0.004" /><testcase classname="tests.test_plot_table" name="test_plot_from_table_no_label_no_annotation" time="0.003" /><testcase classname="tests.test_plot_table" name="test_plot_from_table_custom_color" time="0.004" /><testcase classname="tests.test_plot_table" name="test_plot_from_table_custom_linewidth" time="0.004" /><testcase classname="tests.test_scoring" name="test_score_returns_all_expected_keys" time="0.001" /><testcase classname="tests.test_scoring" name="test_score_all_values_are_floats" time="0.000" /><testcase classname="tests.test_scoring" name="test_score_no_matches_hyperscore_is_zero" time="0.000" /><testcase classname="tests.test_scoring" name="test_score_no_matches_total_matched_intensity_is_zero" time="0.000" /><testcase classname="tests.test_scoring" name="test_score_no_matches_matched_fraction_is_zero" time="0.000" /><testcase classname="tests.test_scoring" name="test_score_no_matches_intensity_fraction_is_zero" time="0.000" /><testcase classname="tests.test_scoring" name="test_score_no_matches_spectral_angle_is_zero" time="0.000" /><testcase classname="tests.test_scoring" name="test_hyperscore_positive_when_fragment_matches" time="0.000" /><testcase classname="tests.test_scoring" name="test_total_matched_intensity_equals_matched_peak_intensity" time="0.000" /><testcase classname="tests.test_scoring" name="test_mean_ppm_error_zero_for_perfect_match" time="0.000" /><testcase classname="tests.test_scoring" name="test_matched_fraction_in_zero_to_one" time="0.000" /><testcase classname="tests.test_scoring" name="test_intensity_fraction_in_zero_to_one" time="0.000" /><testcase classname="tests.test_scoring" name="test_spectral_angle_in_minus_one_to_one" time="0.000" /><testcase classname="tests.test_scoring" name="test_longest_run_three_consecutive_b_ions" time="0.001" /><testcase classname="tests.test_scoring" name="test_longest_run_zero_when_no_match" time="0.000" /><testcase classname="tests.test_scoring" name="test_longest_run_one_for_single_match" time="0.000" /><testcase classname="tests.test_scoring" name="test_score_empty_fragments_returns_all_zeros" time="0.000" /><testcase classname="tests.test_scoring_decon" name="test_score_array_is_none_on_raw_spectrum" time="0.000" /><testcase classname="tests.test_scoring_decon" name="test_score_array_populated_after_deconvolute" time="0.000" /><testcase classname="tests.test_scoring_decon" name="test_singletons_have_score_zero" time="0.000" /><testcase classname="tests.test_scoring_decon" name="test_assigned_cluster_has_positive_score" time="0.000" /><testcase classname="tests.test_scoring_decon" name="test_filter_min_score_removes_low_scoring_peaks" time="0.000" /><testcase classname="tests.test_scoring_decon" name="test_filter_max_score_removes_high_scoring_peaks" time="0.000" /><testcase classname="tests.test_scoring_decon" name="test_filter_score_preserves_score_array" time="0.000" /><testcase classname="tests.test_scoring_decon" name="test_filter_min_score_keeps_all_when_threshold_is_zero" time="0.000" /><testcase classname="tests.test_scoring_decon" name="test_decharge_propagates_score" time="0.000" /><testcase classname="tests.test_scoring_decon" name="test_decharge_score_values_match_assigned_cluster_scores" time="0.000" /><testcase classname="tests.test_scoring_decon" name="test_peak_score_field_filled_for_scored_spectrum" time="0.000" /><testcase classname="tests.test_scoring_decon" name="test_peak_score_is_none_for_raw_spectrum" time="0.000" /><testcase classname="tests.test_scoring_decon" name="test_min_intensity_sentinel_string_runs_without_error" time="0.000" /><testcase classname="tests.test_scoring_decon" name="test_min_score_rejects_all_clusters_when_threshold_is_very_high" time="0.001" /><testcase classname="tests.test_scoring_decon" name="test_min_score_zero_allows_best_cluster_to_be_assigned" time="0.000" /><testcase classname="tests.test_scoring_decon" name="test_manually_scored_spectrum_filter_works" time="0.000" /><testcase classname="tests.test_visualization" name="test_plot_spectrum_returns_figure" time="0.004" /><testcase classname="tests.test_visualization" name="test_plot_spectrum_with_charges_returns_figure" time="0.004" /><testcase classname="tests.test_visualization" name="test_plot_spectrum_with_scores_returns_figure" time="0.003" /><testcase classname="tests.test_visualization" name="test_plot_spectrum_show_charges_false_returns_figure" time="0.003" /><testcase classname="tests.test_visualization" name="test_plot_spectrum_show_scores_false_returns_figure" time="0.003" /><testcase classname="tests.test_visualization" name="test_plot_spectrum_with_title_returns_figure" time="0.003" /><testcase classname="tests.test_visualization" name="test_plot_empty_spectrum_returns_figure" time="0.002" /><testcase classname="tests.test_visualization" name="test_plot_spectrum_has_at_least_one_trace" time="0.003" /><testcase classname="tests.test_visualization" name="test_plot_spectrum_scores_annotated_when_present" time="0.004" /><testcase classname="tests.test_visualization" name="test_mirror_plot_returns_figure" time="0.004" /><testcase classname="tests.test_visualization" name="test_mirror_plot_with_scores_returns_figure" time="0.002" /><testcase classname="tests.test_visualization" name="test_mirror_plot_show_charges_false_returns_figure" time="0.002" /><testcase classname="tests.test_visualization" name="test_mirror_plot_no_normalize_returns_figure" time="0.002" /><testcase classname="tests.test_visualization" name="test_mirror_plot_has_multiple_traces" time="0.003" /><testcase classname="tests.test_visualization" name="test_annotate_spectrum_returns_figure" time="0.004" /><testcase classname="tests.test_visualization" name="test_annotate_spectrum_no_fragments_returns_figure" time="0.003" /><testcase classname="tests.test_visualization" name="test_annotate_spectrum_with_ppm_tolerance_returns_figure" time="0.004" /><testcase classname="tests.test_visualization" name="test_annotate_spectrum_matched_peak_has_annotation" time="0.004" /><testcase classname="tests.test_visualization" name="test_annotate_spectrum_no_match_has_no_annotation" time="0.003" /></testsuite></testsuites>